
> @game-creator/editor@0.0.0 build
> tsc && vite build

../engine/src/Rendering/MaterialPreviewer.ts(118,31): error TS2339: Property 'loadHDR' does not exist on type 'USkyLightComponent'.
node.exe : npm error Lifecycle 
script `build` failed with error:
En línea: 1 Carácter: 1
+ & "C:\Program 
Files\nodejs/node.exe" "C:\Program 
Files\nodejs/node_mo ...
+ ~~~~~~~~~~~~~~~~~~~~~~~~~~~~~~~~~
~~~~~~~~~~~~~~~~~~~~~~~~~~~~~~~~~~~
~
    + CategoryInfo          : NotS 
   pecified: (npm error Lifec...l  
  ed with error::String) [], Rem   
 oteException
    + FullyQualifiedErrorId : Nati 
   veCommandError
 
npm error code 2
npm error path C:\Users\edwin\Deskt
op\Develop\game_creator\packages\ed
itor
npm error workspace 
@game-creator/editor@0.0.0
npm error location C:\Users\edwin\D
esktop\Develop\game_creator\package
s\editor
npm error command failed
npm error command 
C:\WINDOWS\system32\cmd.exe /d /s 
/c tsc && vite build
